#
# There is insufficient memory for the Java Runtime Environment to continue.
# Native memory allocation (malloc) failed to allocate 1203152 bytes. Error detail: Chunk::new
# Possible reasons:
#   The system is out of physical RAM or swap space
#   This process is running with CompressedOops enabled, and the Java Heap may be blocking the growth of the native heap
# Possible solutions:
#   Reduce memory load on the system
#   Increase physical memory or swap space
#   Check if swap backing store is full
#   Decrease Java heap size (-Xmx/-Xms)
#   Decrease number of Java threads
#   Decrease Java thread stack sizes (-Xss)
#   Set larger code cache with -XX:ReservedCodeCacheSize=
#   JVM is running with Zero Based Compressed Oops mode in which the Java heap is
#     placed in the first 32GB address space. The Java Heap base address is the
#     maximum limit for the native heap growth. Please use -XX:HeapBaseMinAddress
#     to set the Java Heap base and to place the Java Heap above 32GB virtual address.
# This output file may be truncated or incomplete.
#
#  Out of Memory Error (arena.cpp:168), pid=19292, tid=12764
#
# JRE version: OpenJDK Runtime Environment Corretto-21.0.7.6.1 (21.0.7+6) (build 21.0.7+6-LTS)
# Java VM: OpenJDK 64-Bit Server VM Corretto-21.0.7.6.1 (21.0.7+6-LTS, mixed mode, sharing, tiered, compressed oops, compressed class ptrs, g1 gc, windows-amd64)
# No core dump will be written. Minidumps are not enabled by default on client versions of Windows
#

---------------  S U M M A R Y ------------

Command Line: -javaagent:C:\Users\gabri\AppData\Local\Programs\IntelliJ IDEA Community Edition\lib\idea_rt.jar=3167:C:\Users\gabri\AppData\Local\Programs\IntelliJ IDEA Community Edition\bin -Dfile.encoding=UTF-8 -Dsun.stdout.encoding=UTF-8 -Dsun.stderr.encoding=UTF-8 com.Graxa_API.Graxa_API.GraxaApiApplication

Host: AMD Ryzen 5 4600G with Radeon Graphics, 12 cores, 15G,  Windows 11 , 64 bit Build 26100 (10.0.26100.7705)
Time: Tue Feb 24 21:23:00 2026 Hora oficial do Brasil elapsed time: 341.234513 seconds (0d 0h 5m 41s)

---------------  T H R E A D  ---------------

Current thread (0x000001a4a57bab00):  JavaThread "C2 CompilerThread0" daemon [_thread_in_native, id=12764, stack(0x0000000d5df00000,0x0000000d5e000000) (1024K)]


Current CompileTask:
C2:341234 14410   !   4       sun.net.www.protocol.jar.JarURLConnection::connect (196 bytes)

Stack: [0x0000000d5df00000,0x0000000d5e000000]
Native frames: (J=compiled Java code, j=interpreted, Vv=VM code, C=native code)
V  [jvm.dll+0x6da869]
V  [jvm.dll+0x8b6d53]
V  [jvm.dll+0x8b90ae]
V  [jvm.dll+0x8b9793]
V  [jvm.dll+0x286446]
V  [jvm.dll+0xc666d]
V  [jvm.dll+0xc6ba3]
V  [jvm.dll+0x3c082b]
V  [jvm.dll+0x1e4f94]
V  [jvm.dll+0x24e884]
V  [jvm.dll+0x24dd01]
V  [jvm.dll+0x1cc454]
V  [jvm.dll+0x25d3d9]
V  [jvm.dll+0x25b98b]
V  [jvm.dll+0x3faea6]
V  [jvm.dll+0x85f998]
V  [jvm.dll+0x6d902d]
C  [ucrtbase.dll+0x37b0]
C  [KERNEL32.DLL+0x2e8d7]
C  [ntdll.dll+0x8c40c]


---------------  P R O C E S S  ---------------

Threads class SMR info:
_java_thread_list=0x000001a4a55e2890, length=48, elements={
0x000001a4a579b2c0, 0x000001a4a57a0890, 0x000001a4a57a6810, 0x000001a4a57a7260,
0x000001a4a57a8820, 0x000001a4a57b3aa0, 0x000001a4a57bab00, 0x000001a4a57bd5a0,
0x000001a4a576d030, 0x000001a4a5b7cb40, 0x000001a4a5b89750, 0x000001a4ebf4ec80,
0x000001a4efac3000, 0x000001a4f00645c0, 0x000001a4f00652e0, 0x000001a4f0066000,
0x000001a4f0063210, 0x000001a4ee5f0630, 0x000001a4ee5f1350, 0x000001a4ee5f3420,
0x000001a4ee5f2070, 0x000001a4ee5f3ab0, 0x000001a4ee5f2700, 0x000001a4ee5f4140,
0x000001a4ee5f0cc0, 0x000001a4ee5f47d0, 0x000001a4ee5f4e60, 0x000001a4ee5f68a0,
0x000001a4ee5f54f0, 0x000001a4ee5f5b80, 0x000001a4ee5f75c0, 0x000001a4ee5f6210,
0x000001a4ee5f6f30, 0x000001a4ee5f7c50, 0x000001a4f0065970, 0x000001a4ee614160,
0x000001a4ee6175e0, 0x000001a4ee6168c0, 0x000001a4ee617c70, 0x000001a4ee618990,
0x000001a4ee615510, 0x000001a4ee61aa60, 0x000001a4ee619020, 0x000001a4ee6196b0,
0x000001a4ee619d40, 0x000001a4ee61b0f0, 0x000001a4ee61a3d0, 0x000001a4ee814c20
}

Java Threads: ( => current thread )
  0x000001a4a579b2c0 JavaThread "Reference Handler"          daemon [_thread_blocked, id=19856, stack(0x0000000d5d900000,0x0000000d5da00000) (1024K)]
  0x000001a4a57a0890 JavaThread "Finalizer"                  daemon [_thread_blocked, id=5360, stack(0x0000000d5da00000,0x0000000d5db00000) (1024K)]
  0x000001a4a57a6810 JavaThread "Signal Dispatcher"          daemon [_thread_blocked, id=20704, stack(0x0000000d5db00000,0x0000000d5dc00000) (1024K)]
  0x000001a4a57a7260 JavaThread "Attach Listener"            daemon [_thread_blocked, id=8032, stack(0x0000000d5dc00000,0x0000000d5dd00000) (1024K)]
  0x000001a4a57a8820 JavaThread "Service Thread"             daemon [_thread_blocked, id=17344, stack(0x0000000d5dd00000,0x0000000d5de00000) (1024K)]
  0x000001a4a57b3aa0 JavaThread "Monitor Deflation Thread"   daemon [_thread_blocked, id=11324, stack(0x0000000d5de00000,0x0000000d5df00000) (1024K)]
=>0x000001a4a57bab00 JavaThread "C2 CompilerThread0"         daemon [_thread_in_native, id=12764, stack(0x0000000d5df00000,0x0000000d5e000000) (1024K)]
  0x000001a4a57bd5a0 JavaThread "C1 CompilerThread0"         daemon [_thread_blocked, id=18480, stack(0x0000000d5e000000,0x0000000d5e100000) (1024K)]
  0x000001a4a576d030 JavaThread "Common-Cleaner"             daemon [_thread_blocked, id=4376, stack(0x0000000d5e100000,0x0000000d5e200000) (1024K)]
  0x000001a4a5b7cb40 JavaThread "Monitor Ctrl-Break"         daemon [_thread_in_native, id=5524, stack(0x0000000d5e300000,0x0000000d5e400000) (1024K)]
  0x000001a4a5b89750 JavaThread "Notification Thread"        daemon [_thread_blocked, id=21500, stack(0x0000000d5e400000,0x0000000d5e500000) (1024K)]
  0x000001a4ebf4ec80 JavaThread "H2 File Lock Watchdog C:/projeto-pi/Graxa/Graxa-API/data/graxaDB.lock.db" daemon [_thread_blocked, id=18912, stack(0x0000000d5ea00000,0x0000000d5eb00000) (1024K)]
  0x000001a4efac3000 JavaThread "H2 TCP Server (tcp://192.168.15.122:4565)" daemon [_thread_in_native, id=21536, stack(0x0000000d5eb00000,0x0000000d5ec00000) (1024K)]
  0x000001a4f00645c0 JavaThread "MVStore background writer C:/projeto-pi/Graxa/Graxa-API/data/graxaDB.mv.db" daemon [_thread_blocked, id=21728, stack(0x0000000d5f400000,0x0000000d5f500000) (1024K)]
  0x000001a4f00652e0 JavaThread "HikariPool-1:housekeeper"   daemon [_thread_blocked, id=2972, stack(0x0000000d5f500000,0x0000000d5f600000) (1024K)]
  0x000001a4f0066000 JavaThread "H2-serialization"           daemon [_thread_blocked, id=10216, stack(0x0000000d5f800000,0x0000000d5f900000) (1024K)]
  0x000001a4f0063210 JavaThread "H2-save"                    daemon [_thread_blocked, id=13224, stack(0x0000000d5f900000,0x0000000d5fa00000) (1024K)]
  0x000001a4ee5f0630 JavaThread "Catalina-utility-1"                [_thread_blocked, id=18004, stack(0x0000000d5fb00000,0x0000000d5fc00000) (1024K)]
  0x000001a4ee5f1350 JavaThread "Catalina-utility-2"                [_thread_blocked, id=21884, stack(0x0000000d5fc00000,0x0000000d5fd00000) (1024K)]
  0x000001a4ee5f3420 JavaThread "container-0"                       [_thread_blocked, id=21892, stack(0x0000000d5fd00000,0x0000000d5fe00000) (1024K)]
  0x000001a4ee5f2070 JavaThread "File Watcher"               daemon [_thread_blocked, id=19024, stack(0x0000000d5f600000,0x0000000d5f700000) (1024K)]
  0x000001a4ee5f3ab0 JavaThread "Live Reload Server"         daemon [_thread_in_native, id=17572, stack(0x0000000d5ff00000,0x0000000d60000000) (1024K)]
  0x000001a4ee5f2700 JavaThread "MessageBroker-1"                   [_thread_blocked, id=18540, stack(0x0000000d5fe00000,0x0000000d5ff00000) (1024K)]
  0x000001a4ee5f4140 JavaThread "http-nio-8080-exec-1"       daemon [_thread_blocked, id=19732, stack(0x0000000d60000000,0x0000000d60100000) (1024K)]
  0x000001a4ee5f0cc0 JavaThread "http-nio-8080-exec-2"       daemon [_thread_blocked, id=20652, stack(0x0000000d60100000,0x0000000d60200000) (1024K)]
  0x000001a4ee5f47d0 JavaThread "http-nio-8080-exec-3"       daemon [_thread_blocked, id=16500, stack(0x0000000d60200000,0x0000000d60300000) (1024K)]
  0x000001a4ee5f4e60 JavaThread "http-nio-8080-exec-4"       daemon [_thread_blocked, id=13248, stack(0x0000000d60300000,0x0000000d60400000) (1024K)]
  0x000001a4ee5f68a0 JavaThread "http-nio-8080-exec-5"       daemon [_thread_blocked, id=5568, stack(0x0000000d60400000,0x0000000d60500000) (1024K)]
  0x000001a4ee5f54f0 JavaThread "http-nio-8080-exec-6"       daemon [_thread_blocked, id=5388, stack(0x0000000d60500000,0x0000000d60600000) (1024K)]
  0x000001a4ee5f5b80 JavaThread "http-nio-8080-exec-7"       daemon [_thread_blocked, id=15396, stack(0x0000000d60600000,0x0000000d60700000) (1024K)]
  0x000001a4ee5f75c0 JavaThread "http-nio-8080-exec-8"       daemon [_thread_blocked, id=14640, stack(0x0000000d60700000,0x0000000d60800000) (1024K)]
  0x000001a4ee5f6210 JavaThread "http-nio-8080-exec-9"       daemon [_thread_blocked, id=17156, stack(0x0000000d60800000,0x0000000d60900000) (1024K)]
  0x000001a4ee5f6f30 JavaThread "http-nio-8080-exec-10"      daemon [_thread_blocked, id=19952, stack(0x0000000d60900000,0x0000000d60a00000) (1024K)]
  0x000001a4ee5f7c50 JavaThread "http-nio-8080-Poller"       daemon [_thread_in_native, id=12996, stack(0x0000000d60a00000,0x0000000d60b00000) (1024K)]
  0x000001a4f0065970 JavaThread "http-nio-8080-Acceptor"     daemon [_thread_in_native, id=19848, stack(0x0000000d60b00000,0x0000000d60c00000) (1024K)]
  0x000001a4ee614160 JavaThread "DestroyJavaVM"                     [_thread_blocked, id=20968, stack(0x0000000d5d100000,0x0000000d5d200000) (1024K)]
  0x000001a4ee6175e0 JavaThread "MessageBroker-2"                   [_thread_blocked, id=20828, stack(0x0000000d5ce00000,0x0000000d5cf00000) (1024K)]
  0x000001a4ee6168c0 JavaThread "MessageBroker-3"                   [_thread_blocked, id=1560, stack(0x0000000d5cf00000,0x0000000d5d000000) (1024K)]
  0x000001a4ee617c70 JavaThread "MessageBroker-4"                   [_thread_blocked, id=13516, stack(0x0000000d5d000000,0x0000000d5d100000) (1024K)]
  0x000001a4ee618990 JavaThread "MessageBroker-5"                   [_thread_blocked, id=3560, stack(0x0000000d60e00000,0x0000000d60f00000) (1024K)]
  0x000001a4ee615510 JavaThread "MessageBroker-6"                   [_thread_blocked, id=19708, stack(0x0000000d60f00000,0x0000000d61000000) (1024K)]
  0x000001a4ee61aa60 JavaThread "MessageBroker-7"                   [_thread_blocked, id=9088, stack(0x0000000d61000000,0x0000000d61100000) (1024K)]
  0x000001a4ee619020 JavaThread "MessageBroker-8"                   [_thread_blocked, id=18288, stack(0x0000000d61100000,0x0000000d61200000) (1024K)]
  0x000001a4ee6196b0 JavaThread "MessageBroker-9"                   [_thread_blocked, id=20536, stack(0x0000000d61200000,0x0000000d61300000) (1024K)]
  0x000001a4ee619d40 JavaThread "MessageBroker-10"                  [_thread_blocked, id=20180, stack(0x0000000d5e800000,0x0000000d5e900000) (1024K)]
  0x000001a4ee61b0f0 JavaThread "MessageBroker-11"                  [_thread_blocked, id=2476, stack(0x0000000d5e900000,0x0000000d5ea00000) (1024K)]
  0x000001a4ee61a3d0 JavaThread "MessageBroker-12"                  [_thread_blocked, id=21064, stack(0x0000000d61300000,0x0000000d61400000) (1024K)]
  0x000001a4ee814c20 JavaThread "C2 CompilerThread1"         daemon [_thread_blocked, id=17680, stack(0x0000000d5f000000,0x0000000d5f100000) (1024K)]
Total: 48

Other Threads:
  0x000001a4a577fcd0 VMThread "VM Thread"                           [id=19944, stack(0x0000000d5d800000,0x0000000d5d900000) (1024K)]
  0x000001a4a576c7a0 WatcherThread "VM Periodic Task Thread"        [id=6652, stack(0x0000000d5d700000,0x0000000d5d800000) (1024K)]
  0x000001a48622ce50 WorkerThread "GC Thread#0"                     [id=21752, stack(0x0000000d5d200000,0x0000000d5d300000) (1024K)]
  0x000001a4eb81c410 WorkerThread "GC Thread#1"                     [id=2680, stack(0x0000000d5e200000,0x0000000d5e300000) (1024K)]
  0x000001a4eb81c7b0 WorkerThread "GC Thread#2"                     [id=21140, stack(0x0000000d5e500000,0x0000000d5e600000) (1024K)]
  0x000001a4eb81cb50 WorkerThread "GC Thread#3"                     [id=20924, stack(0x0000000d5e600000,0x0000000d5e700000) (1024K)]
  0x000001a4eb74acc0 WorkerThread "GC Thread#4"                     [id=20820, stack(0x0000000d5e700000,0x0000000d5e800000) (1024K)]
  0x000001a4ebdc4cc0 WorkerThread "GC Thread#5"                     [id=22512, stack(0x0000000d5ec00000,0x0000000d5ed00000) (1024K)]
  0x000001a4ec027c50 WorkerThread "GC Thread#6"                     [id=5484, stack(0x0000000d5ed00000,0x0000000d5ee00000) (1024K)]
  0x000001a4ebda4590 WorkerThread "GC Thread#7"                     [id=4408, stack(0x0000000d5ee00000,0x0000000d5ef00000) (1024K)]
  0x000001a4ebdd1270 WorkerThread "GC Thread#8"                     [id=21836, stack(0x0000000d5ef00000,0x0000000d5f000000) (1024K)]
  0x000001a4ec4b3db0 WorkerThread "GC Thread#9"                     [id=21968, stack(0x0000000d5f100000,0x0000000d5f200000) (1024K)]
  0x000001a48623ea20 ConcurrentGCThread "G1 Main Marker"            [id=14412, stack(0x0000000d5d300000,0x0000000d5d400000) (1024K)]
  0x000001a48623f430 WorkerThread "G1 Conc#0"                       [id=8904, stack(0x0000000d5d400000,0x0000000d5d500000) (1024K)]
  0x000001a4ec4b2b90 WorkerThread "G1 Conc#1"                       [id=19056, stack(0x0000000d5f200000,0x0000000d5f300000) (1024K)]
  0x000001a4ec4b2f30 WorkerThread "G1 Conc#2"                       [id=5048, stack(0x0000000d5f300000,0x0000000d5f400000) (1024K)]
  0x000001a4a563d8d0 ConcurrentGCThread "G1 Refine#0"               [id=22464, stack(0x0000000d5d500000,0x0000000d5d600000) (1024K)]
  0x000001a4a563f100 ConcurrentGCThread "G1 Service"                [id=5692, stack(0x0000000d5d600000,0x0000000d5d700000) (1024K)]
Total: 18

Threads with active compile tasks:
C2 CompilerThread0  341281 14410   !   4       sun.net.www.protocol.jar.JarURLConnection::connect (196 bytes)
Total: 1

VM state: not at safepoint (normal execution)

VM Mutex/Monitor currently owned by a thread: None

Heap address: 0x0000000709a00000, size: 3942 MB, Compressed Oops mode: Zero based, Oop shift amount: 3

CDS archive(s) mapped at: [0x000001a4a6000000-0x000001a4a6c80000-0x000001a4a6c80000), size 13107200, SharedBaseAddress: 0x000001a4a6000000, ArchiveRelocationMode: 1.
Compressed class space mapped at: 0x000001a4a7000000-0x000001a4e7000000, reserved size: 1073741824
Narrow klass base: 0x000001a4a6000000, Narrow klass shift: 0, Narrow klass range: 0x100000000

GC Precious Log:
 CardTable entry size: 512
 Card Set container configuration: InlinePtr #cards 4 size 8 Array Of Cards #cards 16 size 48 Howl #buckets 8 coarsen threshold 3686 Howl Bitmap #cards 512 size 80 coarsen threshold 460 Card regions per heap region 1 cards per card region 4096
 CPUs: 12 total, 12 available
 Memory: 15762M
 Large Page Support: Disabled
 NUMA Support: Disabled
 Compressed Oops: Enabled (Zero based)
 Heap Region Size: 2M
 Heap Min Capacity: 8M
 Heap Initial Capacity: 248M
 Heap Max Capacity: 3942M
 Pre-touch: Disabled
 Parallel Workers: 10
 Concurrent Workers: 3
 Concurrent Refinement Workers: 10
 Periodic GC: Disabled

Heap:
 garbage-first heap   total 104448K, used 72820K [0x0000000709a00000, 0x0000000800000000)
  region size 2048K, 13 young (26624K), 1 survivors (2048K)
 Metaspace       used 97673K, committed 98880K, reserved 1179648K
  class space    used 12727K, committed 13312K, reserved 1048576K

Heap Regions: E=young(eden), S=young(survivor), O=old, HS=humongous(starts), HC=humongous(continues), CS=collection set, F=free, TAMS=top-at-mark-start, PB=parsable bottom
|   0|0x0000000709a00000, 0x0000000709c00000, 0x0000000709c00000|100%| O|  |TAMS 0x0000000709a00000| PB 0x0000000709a00000| Untracked 
|   1|0x0000000709c00000, 0x0000000709e00000, 0x0000000709e00000|100%| O|  |TAMS 0x0000000709c00000| PB 0x0000000709c00000| Untracked 
|   2|0x0000000709e00000, 0x000000070a000000, 0x000000070a000000|100%| O|  |TAMS 0x0000000709e00000| PB 0x0000000709e00000| Untracked 
|   3|0x000000070a000000, 0x000000070a200000, 0x000000070a200000|100%| O|  |TAMS 0x000000070a000000| PB 0x000000070a000000| Untracked 
|   4|0x000000070a200000, 0x000000070a400000, 0x000000070a400000|100%| O|  |TAMS 0x000000070a200000| PB 0x000000070a200000| Untracked 
|   5|0x000000070a400000, 0x000000070a600000, 0x000000070a600000|100%| O|  |TAMS 0x000000070a400000| PB 0x000000070a400000| Untracked 
|   6|0x000000070a600000, 0x000000070a800000, 0x000000070a800000|100%| O|  |TAMS 0x000000070a600000| PB 0x000000070a600000| Untracked 
|   7|0x000000070a800000, 0x000000070aa00000, 0x000000070aa00000|100%| O|  |TAMS 0x000000070a800000| PB 0x000000070a800000| Untracked 
|   8|0x000000070aa00000, 0x000000070ac00000, 0x000000070ac00000|100%| O|  |TAMS 0x000000070aa00000| PB 0x000000070aa00000| Untracked 
|   9|0x000000070ac00000, 0x000000070ae00000, 0x000000070ae00000|100%|HS|  |TAMS 0x000000070ac00000| PB 0x000000070ac00000| Complete 
|  10|0x000000070ae00000, 0x000000070b000000, 0x000000070b000000|100%| O|  |TAMS 0x000000070ae00000| PB 0x000000070ae00000| Untracked 
|  11|0x000000070b000000, 0x000000070b200000, 0x000000070b200000|100%| O|  |TAMS 0x000000070b000000| PB 0x000000070b000000| Untracked 
|  12|0x000000070b200000, 0x000000070b400000, 0x000000070b400000|100%| O|  |TAMS 0x000000070b200000| PB 0x000000070b200000| Untracked 
|  13|0x000000070b400000, 0x000000070b600000, 0x000000070b600000|100%| O|  |TAMS 0x000000070b400000| PB 0x000000070b400000| Untracked 
|  14|0x000000070b600000, 0x000000070b800000, 0x000000070b800000|100%| O|  |TAMS 0x000000070b600000| PB 0x000000070b600000| Untracked 
|  15|0x000000070b800000, 0x000000070ba00000, 0x000000070ba00000|100%| O|  |TAMS 0x000000070b800000| PB 0x000000070b800000| Untracked 
|  16|0x000000070ba00000, 0x000000070bc00000, 0x000000070bc00000|100%| O|  |TAMS 0x000000070ba00000| PB 0x000000070ba00000| Untracked 
|  17|0x000000070bc00000, 0x000000070be00000, 0x000000070be00000|100%| O|  |TAMS 0x000000070bc00000| PB 0x000000070bc00000| Untracked 
|  18|0x000000070be00000, 0x000000070c000000, 0x000000070c000000|100%| O|  |TAMS 0x000000070be00000| PB 0x000000070be00000| Untracked 
|  19|0x000000070c000000, 0x000000070c200000, 0x000000070c200000|100%| O|  |TAMS 0x000000070c000000| PB 0x000000070c000000| Untracked 
|  20|0x000000070c200000, 0x000000070c400000, 0x000000070c400000|100%| O|  |TAMS 0x000000070c200000| PB 0x000000070c200000| Untracked 
|  21|0x000000070c400000, 0x000000070c50b668, 0x000000070c600000| 52%| O|  |TAMS 0x000000070c400000| PB 0x000000070c400000| Untracked 
|  22|0x000000070c600000, 0x000000070c600000, 0x000000070c800000|  0%| F|  |TAMS 0x000000070c600000| PB 0x000000070c600000| Untracked 
|  23|0x000000070c800000, 0x000000070ca00000, 0x000000070ca00000|100%| O|  |TAMS 0x000000070c800000| PB 0x000000070c800000| Untracked 
|  24|0x000000070ca00000, 0x000000070cc00000, 0x000000070cc00000|100%| O|Cm|TAMS 0x000000070ca00000| PB 0x000000070ca00000| Complete 
|  25|0x000000070cc00000, 0x000000070ce00000, 0x000000070ce00000|100%| O|  |TAMS 0x000000070cc00000| PB 0x000000070cc00000| Untracked 
|  26|0x000000070ce00000, 0x000000070d000000, 0x000000070d000000|100%| O|  |TAMS 0x000000070ce00000| PB 0x000000070ce00000| Untracked 
|  27|0x000000070d000000, 0x000000070d000000, 0x000000070d200000|  0%| F|  |TAMS 0x000000070d000000| PB 0x000000070d000000| Untracked 
|  28|0x000000070d200000, 0x000000070d200000, 0x000000070d400000|  0%| F|  |TAMS 0x000000070d200000| PB 0x000000070d200000| Untracked 
|  29|0x000000070d400000, 0x000000070d400000, 0x000000070d600000|  0%| F|  |TAMS 0x000000070d400000| PB 0x000000070d400000| Untracked 
|  30|0x000000070d600000, 0x000000070d6119c0, 0x000000070d800000|  3%| S|CS|TAMS 0x000000070d600000| PB 0x000000070d600000| Complete 
|  31|0x000000070d800000, 0x000000070d800000, 0x000000070da00000|  0%| F|  |TAMS 0x000000070d800000| PB 0x000000070d800000| Untracked 
|  32|0x000000070da00000, 0x000000070da00000, 0x000000070dc00000|  0%| F|  |TAMS 0x000000070da00000| PB 0x000000070da00000| Untracked 
|  33|0x000000070dc00000, 0x000000070dc00000, 0x000000070de00000|  0%| F|  |TAMS 0x000000070dc00000| PB 0x000000070dc00000| Untracked 
|  34|0x000000070de00000, 0x000000070de00000, 0x000000070e000000|  0%| F|  |TAMS 0x000000070de00000| PB 0x000000070de00000| Untracked 
|  35|0x000000070e000000, 0x000000070e000000, 0x000000070e200000|  0%| F|  |TAMS 0x000000070e000000| PB 0x000000070e000000| Untracked 
|  36|0x000000070e200000, 0x000000070e200000, 0x000000070e400000|  0%| F|  |TAMS 0x000000070e200000| PB 0x000000070e200000| Untracked 
|  37|0x000000070e400000, 0x000000070e400000, 0x000000070e600000|  0%| F|  |TAMS 0x000000070e400000| PB 0x000000070e400000| Untracked 
|  38|0x000000070e600000, 0x000000070e600000, 0x000000070e800000|  0%| F|  |TAMS 0x000000070e600000| PB 0x000000070e600000| Untracked 
|  39|0x000000070e800000, 0x000000070e98a800, 0x000000070ea00000| 77%| E|  |TAMS 0x000000070e800000| PB 0x000000070e800000| Complete 
|  40|0x000000070ea00000, 0x000000070ec00000, 0x000000070ec00000|100%| E|  |TAMS 0x000000070ea00000| PB 0x000000070ea00000| Complete 
|  41|0x000000070ec00000, 0x000000070ee00000, 0x000000070ee00000|100%| E|CS|TAMS 0x000000070ec00000| PB 0x000000070ec00000| Complete 
|  42|0x000000070ee00000, 0x000000070f000000, 0x000000070f000000|100%| E|CS|TAMS 0x000000070ee00000| PB 0x000000070ee00000| Complete 
|  43|0x000000070f000000, 0x000000070f200000, 0x000000070f200000|100%| E|CS|TAMS 0x000000070f000000| PB 0x000000070f000000| Complete 
|  44|0x000000070f200000, 0x000000070f400000, 0x000000070f400000|100%| E|CS|TAMS 0x000000070f200000| PB 0x000000070f200000| Complete 
|  45|0x000000070f400000, 0x000000070f600000, 0x000000070f600000|100%| E|CS|TAMS 0x000000070f400000| PB 0x000000070f400000| Complete 
|  92|0x0000000715200000, 0x0000000715400000, 0x0000000715400000|100%| E|CS|TAMS 0x0000000715200000| PB 0x0000000715200000| Complete 
|  93|0x0000000715400000, 0x0000000715600000, 0x0000000715600000|100%| E|CS|TAMS 0x0000000715400000| PB 0x0000000715400000| Complete 
|  94|0x0000000715600000, 0x0000000715800000, 0x0000000715800000|100%| E|CS|TAMS 0x0000000715600000| PB 0x0000000715600000| Complete 
|  95|0x0000000715800000, 0x0000000715a00000, 0x0000000715a00000|100%| E|CS|TAMS 0x0000000715800000| PB 0x0000000715800000| Complete 
| 123|0x0000000719000000, 0x0000000719200000, 0x0000000719200000|100%| E|CS|TAMS 0x0000000719000000| PB 0x0000000719000000| Complete 

Card table byte_map: [0x000001a49e5c0000,0x000001a49ed80000] _byte_map_base: 0x000001a49ad73000

Marking Bits: (CMBitMap*) 0x000001a48622dc70
 Bits: [0x000001a49ed80000, 0x000001a4a2b18000)

Polling page: 0x000001a4841a0000

Metaspace:

Usage:
  Non-class:     82.96 MB used.
      Class:     12.43 MB used.
       Both:     95.38 MB used.

Virtual space:
  Non-class space:      128.00 MB reserved,      83.56 MB ( 65%) committed,  2 nodes.
      Class space:        1.00 GB reserved,      13.00 MB (  1%) committed,  1 nodes.
             Both:        1.12 GB reserved,      96.56 MB (  8%) committed. 

Chunk freelists:
   Non-Class:  11.78 MB
       Class:  3.00 MB
        Both:  14.78 MB

MaxMetaspaceSize: unlimited
CompressedClassSpaceSize: 1.00 GB
Initial GC threshold: 21.00 MB
Current GC threshold: 160.75 MB
CDS: on
 - commit_granule_bytes: 65536.
 - commit_granule_words: 8192.
 - virtual_space_node_default_size: 8388608.
 - enlarge_chunks_in_place: 1.
 - use_allocation_guard: 0.


Internal statistics:

num_allocs_failed_limit: 9.
num_arena_births: 1782.
num_arena_deaths: 50.
num_vsnodes_births: 3.
num_vsnodes_deaths: 0.
num_space_committed: 1545.
num_space_uncommitted: 0.
num_chunks_returned_to_freelist: 83.
num_chunks_taken_from_freelist: 5690.
num_chunk_merges: 20.
num_chunk_splits: 3889.
num_chunks_enlarged: 2844.
num_inconsistent_stats: 0.

CodeHeap 'non-profiled nmethods': size=120000Kb used=4137Kb max_used=7226Kb free=115862Kb
 bounds [0x000001a496380000, 0x000001a496a90000, 0x000001a49d8b0000]
CodeHeap 'profiled nmethods': size=120000Kb used=7098Kb max_used=21705Kb free=112901Kb
 bounds [0x000001a48e8b0000, 0x000001a48fe10000, 0x000001a495de0000]
CodeHeap 'non-nmethods': size=5760Kb used=1814Kb max_used=1864Kb free=3945Kb
 bounds [0x000001a495de0000, 0x000001a496050000, 0x000001a496380000]
 total_blobs=4345 nmethods=3528 adapters=718
 compilation: enabled
              stopped_count=0, restarted_count=0
 full_count=0

Compilation events (20 events):
Event: 340.106 Thread 0x000001a4ee814c20 14438       4       java.lang.invoke.VarHandle::acquireFence (7 bytes)
Event: 340.106 Thread 0x000001a4ee814c20 nmethod 14438 0x000001a49641a990 code [0x000001a49641ab00, 0x000001a49641ab68]
Event: 340.134 Thread 0x000001a4ee814c20 14439 %     4       org.apache.tomcat.util.http.MimeHeaders::recycle @ 2 (31 bytes)
Event: 340.142 Thread 0x000001a4ee814c20 nmethod 14439% 0x000001a4967c4c10 code [0x000001a4967c4dc0, 0x000001a4967c5260]
Event: 340.147 Thread 0x000001a4ee814c20 14440       4       java.util.concurrent.ConcurrentSkipListMap$Node::<init> (20 bytes)
Event: 340.150 Thread 0x000001a4ee814c20 nmethod 14440 0x000001a496a11190 code [0x000001a496a11320, 0x000001a496a11670]
Event: 340.151 Thread 0x000001a4ee814c20 14441  s    4       java.util.Hashtable::get (69 bytes)
Event: 340.152 Thread 0x000001a4a57bd5a0 14442       3       java.util.concurrent.ConcurrentSkipListMap::doPut (548 bytes)
Event: 340.156 Thread 0x000001a4ee814c20 nmethod 14441 0x000001a49652d790 code [0x000001a49652d960, 0x000001a49652e0a0]
Event: 340.157 Thread 0x000001a4ee814c20 14443       4       java.util.concurrent.LinkedBlockingQueue::dequeue (32 bytes)
Event: 340.157 Thread 0x000001a4a57bd5a0 nmethod 14442 0x000001a48f5ec190 code [0x000001a48f5ec820, 0x000001a48f5f0898]
Event: 340.159 Thread 0x000001a4ee814c20 nmethod 14443 0x000001a4963a0b10 code [0x000001a4963a0ca0, 0x000001a4963a0f10]
Event: 340.159 Thread 0x000001a4ee814c20 14444       4       java.util.concurrent.atomic.AtomicInteger::getAndDecrement (12 bytes)
Event: 340.160 Thread 0x000001a4ee814c20 nmethod 14444 0x000001a496433090 code [0x000001a496433220, 0x000001a4964332b0]
Event: 340.167 Thread 0x000001a4a57bd5a0 14445       3       java.util.concurrent.locks.ReentrantLock$Sync::tryLock (63 bytes)
Event: 340.168 Thread 0x000001a4a57bd5a0 nmethod 14445 0x000001a48f8d0a10 code [0x000001a48f8d0c00, 0x000001a48f8d1028]
Event: 340.192 Thread 0x000001a4ee814c20 14446       4       io.micrometer.observation.SimpleObservation::<init> (107 bytes)
Event: 340.223 Thread 0x000001a4ee814c20 nmethod 14446 0x000001a496a11a10 code [0x000001a496a11c80, 0x000001a496a12db0]
Event: 340.223 Thread 0x000001a4ee814c20 14447       4       jdk.internal.math.FloatingDecimal$ASCIIToBinaryBuffer::doubleValue (1194 bytes)
Event: 340.225 Thread 0x000001a4ee814c20 nmethod 14447 0x000001a496a86010 code [0x000001a496a861e0, 0x000001a496a86488]

GC Heap History (20 events):
Event: 328.271 GC heap before
{Heap before GC invocations=58 (full 0):
 garbage-first heap   total 104448K, used 87369K [0x0000000709a00000, 0x0000000800000000)
  region size 2048K, 20 young (40960K), 2 survivors (4096K)
 Metaspace       used 97616K, committed 98816K, reserved 1179648K
  class space    used 12725K, committed 13312K, reserved 1048576K
}
Event: 328.274 GC heap after
{Heap after GC invocations=59 (full 0):
 garbage-first heap   total 104448K, used 52591K [0x0000000709a00000, 0x0000000800000000)
  region size 2048K, 1 young (2048K), 1 survivors (2048K)
 Metaspace       used 97616K, committed 98816K, reserved 1179648K
  class space    used 12725K, committed 13312K, reserved 1048576K
}
Event: 328.863 GC heap before
{Heap before GC invocations=59 (full 0):
 garbage-first heap   total 104448K, used 89455K [0x0000000709a00000, 0x0000000800000000)
  region size 2048K, 20 young (40960K), 1 survivors (2048K)
 Metaspace       used 97617K, committed 98816K, reserved 1179648K
  class space    used 12725K, committed 13312K, reserved 1048576K
}
Event: 328.866 GC heap after
{Heap after GC invocations=60 (full 0):
 garbage-first heap   total 104448K, used 52291K [0x0000000709a00000, 0x0000000800000000)
  region size 2048K, 1 young (2048K), 1 survivors (2048K)
 Metaspace       used 97617K, committed 98816K, reserved 1179648K
  class space    used 12725K, committed 13312K, reserved 1048576K
}
Event: 329.481 GC heap before
{Heap before GC invocations=60 (full 0):
 garbage-first heap   total 104448K, used 89155K [0x0000000709a00000, 0x0000000800000000)
  region size 2048K, 20 young (40960K), 1 survivors (2048K)
 Metaspace       used 97626K, committed 98816K, reserved 1179648K
  class space    used 12726K, committed 13312K, reserved 1048576K
}
Event: 329.483 GC heap after
{Heap after GC invocations=61 (full 0):
 garbage-first heap   total 104448K, used 52553K [0x0000000709a00000, 0x0000000800000000)
  region size 2048K, 1 young (2048K), 1 survivors (2048K)
 Metaspace       used 97626K, committed 98816K, reserved 1179648K
  class space    used 12726K, committed 13312K, reserved 1048576K
}
Event: 331.464 GC heap before
{Heap before GC invocations=62 (full 0):
 garbage-first heap   total 104448K, used 89417K [0x0000000709a00000, 0x0000000800000000)
  region size 2048K, 20 young (40960K), 1 survivors (2048K)
 Metaspace       used 97636K, committed 98816K, reserved 1179648K
  class space    used 12727K, committed 13312K, reserved 1048576K
}
Event: 331.465 GC heap after
{Heap after GC invocations=63 (full 0):
 garbage-first heap   total 104448K, used 52659K [0x0000000709a00000, 0x0000000800000000)
  region size 2048K, 1 young (2048K), 1 survivors (2048K)
 Metaspace       used 97636K, committed 98816K, reserved 1179648K
  class space    used 12727K, committed 13312K, reserved 1048576K
}
Event: 331.996 GC heap before
{Heap before GC invocations=63 (full 0):
 garbage-first heap   total 104448K, used 89523K [0x0000000709a00000, 0x0000000800000000)
  region size 2048K, 20 young (40960K), 1 survivors (2048K)
 Metaspace       used 97636K, committed 98816K, reserved 1179648K
  class space    used 12727K, committed 13312K, reserved 1048576K
}
Event: 331.998 GC heap after
{Heap after GC invocations=64 (full 0):
 garbage-first heap   total 104448K, used 52301K [0x0000000709a00000, 0x0000000800000000)
  region size 2048K, 1 young (2048K), 1 survivors (2048K)
 Metaspace       used 97636K, committed 98816K, reserved 1179648K
  class space    used 12727K, committed 13312K, reserved 1048576K
}
Event: 333.494 GC heap before
{Heap before GC invocations=64 (full 0):
 garbage-first heap   total 104448K, used 89165K [0x0000000709a00000, 0x0000000800000000)
  region size 2048K, 20 young (40960K), 1 survivors (2048K)
 Metaspace       used 97637K, committed 98816K, reserved 1179648K
  class space    used 12727K, committed 13312K, reserved 1048576K
}
Event: 333.496 GC heap after
{Heap after GC invocations=65 (full 0):
 garbage-first heap   total 104448K, used 52604K [0x0000000709a00000, 0x0000000800000000)
  region size 2048K, 1 young (2048K), 1 survivors (2048K)
 Metaspace       used 97637K, committed 98816K, reserved 1179648K
  class space    used 12727K, committed 13312K, reserved 1048576K
}
Event: 334.678 GC heap before
{Heap before GC invocations=66 (full 0):
 garbage-first heap   total 104448K, used 89468K [0x0000000709a00000, 0x0000000800000000)
  region size 2048K, 20 young (40960K), 1 survivors (2048K)
 Metaspace       used 97659K, committed 98880K, reserved 1179648K
  class space    used 12727K, committed 13312K, reserved 1048576K
}
Event: 334.680 GC heap after
{Heap after GC invocations=67 (full 0):
 garbage-first heap   total 104448K, used 52619K [0x0000000709a00000, 0x0000000800000000)
  region size 2048K, 1 young (2048K), 1 survivors (2048K)
 Metaspace       used 97659K, committed 98880K, reserved 1179648K
  class space    used 12727K, committed 13312K, reserved 1048576K
}
Event: 335.004 GC heap before
{Heap before GC invocations=67 (full 0):
 garbage-first heap   total 104448K, used 89483K [0x0000000709a00000, 0x0000000800000000)
  region size 2048K, 20 young (40960K), 1 survivors (2048K)
 Metaspace       used 97659K, committed 98880K, reserved 1179648K
  class space    used 12727K, committed 13312K, reserved 1048576K
}
Event: 335.007 GC heap after
{Heap after GC invocations=68 (full 0):
 garbage-first heap   total 104448K, used 52274K [0x0000000709a00000, 0x0000000800000000)
  region size 2048K, 1 young (2048K), 1 survivors (2048K)
 Metaspace       used 97659K, committed 98880K, reserved 1179648K
  class space    used 12727K, committed 13312K, reserved 1048576K
}
Event: 335.519 GC heap before
{Heap before GC invocations=68 (full 0):
 garbage-first heap   total 104448K, used 89138K [0x0000000709a00000, 0x0000000800000000)
  region size 2048K, 20 young (40960K), 1 survivors (2048K)
 Metaspace       used 97660K, committed 98880K, reserved 1179648K
  class space    used 12727K, committed 13312K, reserved 1048576K
}
Event: 335.521 GC heap after
{Heap after GC invocations=69 (full 0):
 garbage-first heap   total 104448K, used 52419K [0x0000000709a00000, 0x0000000800000000)
  region size 2048K, 1 young (2048K), 1 survivors (2048K)
 Metaspace       used 97660K, committed 98880K, reserved 1179648K
  class space    used 12727K, committed 13312K, reserved 1048576K
}
Event: 336.148 GC heap before
{Heap before GC invocations=70 (full 0):
 garbage-first heap   total 104448K, used 89283K [0x0000000709a00000, 0x0000000800000000)
  region size 2048K, 20 young (40960K), 1 survivors (2048K)
 Metaspace       used 97660K, committed 98880K, reserved 1179648K
  class space    used 12727K, committed 13312K, reserved 1048576K
}
Event: 336.150 GC heap after
{Heap after GC invocations=71 (full 0):
 garbage-first heap   total 104448K, used 52340K [0x0000000709a00000, 0x0000000800000000)
  region size 2048K, 1 young (2048K), 1 survivors (2048K)
 Metaspace       used 97660K, committed 98880K, reserved 1179648K
  class space    used 12727K, committed 13312K, reserved 1048576K
}

Dll operation events (14 events):
Event: 0.016 Loaded shared library C:\Users\gabri\.jdks\corretto-21.0.7\bin\java.dll
Event: 0.108 Loaded shared library C:\Users\gabri\.jdks\corretto-21.0.7\bin\jsvml.dll
Event: 0.238 Loaded shared library C:\Users\gabri\.jdks\corretto-21.0.7\bin\zip.dll
Event: 0.243 Loaded shared library C:\Users\gabri\.jdks\corretto-21.0.7\bin\instrument.dll
Event: 0.249 Loaded shared library C:\Users\gabri\.jdks\corretto-21.0.7\bin\net.dll
Event: 0.251 Loaded shared library C:\Users\gabri\.jdks\corretto-21.0.7\bin\nio.dll
Event: 0.255 Loaded shared library C:\Users\gabri\.jdks\corretto-21.0.7\bin\zip.dll
Event: 0.393 Loaded shared library C:\Users\gabri\AppData\Local\Programs\IntelliJ IDEA Community Edition\bin\breakgen64.dll
Event: 0.421 Loaded shared library C:\Users\gabri\.jdks\corretto-21.0.7\bin\extnet.dll
Event: 0.457 Loaded shared library C:\Users\gabri\.jdks\corretto-21.0.7\bin\jimage.dll
Event: 0.878 Loaded shared library C:\Users\gabri\.jdks\corretto-21.0.7\bin\management.dll
Event: 0.884 Loaded shared library C:\Users\gabri\.jdks\corretto-21.0.7\bin\management_ext.dll
Event: 2.984 Loaded shared library C:\Users\gabri\.jdks\corretto-21.0.7\bin\sunmscapi.dll
Event: 9.027 Loaded shared library C:\Users\gabri\.jdks\corretto-21.0.7\bin\verify.dll

Deoptimization events (20 events):
Event: 335.320 Thread 0x000001a4ee5f6f30 Uncommon trap: trap_request=0xffffffd6 fr.pc=0x000001a4964957f8 relative=0x0000000000000b78
Event: 335.320 Thread 0x000001a4ee5f6f30 Uncommon trap: reason=array_check action=maybe_recompile pc=0x000001a4964957f8 method=io.micrometer.core.instrument.Tags.dedup([Lio/micrometer/core/instrument/Tag;)I @ 57 c2
Event: 335.320 Thread 0x000001a4ee5f6f30 DEOPT PACKING pc=0x000001a4964957f8 sp=0x0000000d609fcd50
Event: 335.320 Thread 0x000001a4ee5f6f30 DEOPT UNPACKING pc=0x000001a495e346a2 sp=0x0000000d609fcd00 mode 2
Event: 335.320 Thread 0x000001a4ee5f6f30 Uncommon trap: trap_request=0xffffffd6 fr.pc=0x000001a4964957f8 relative=0x0000000000000b78
Event: 335.320 Thread 0x000001a4ee5f6f30 Uncommon trap: reason=array_check action=maybe_recompile pc=0x000001a4964957f8 method=io.micrometer.core.instrument.Tags.dedup([Lio/micrometer/core/instrument/Tag;)I @ 57 c2
Event: 335.320 Thread 0x000001a4ee5f6f30 DEOPT PACKING pc=0x000001a4964957f8 sp=0x0000000d609fd9d0
Event: 335.320 Thread 0x000001a4ee5f6f30 DEOPT UNPACKING pc=0x000001a495e346a2 sp=0x0000000d609fd980 mode 2
Event: 335.666 Thread 0x000001a4ee5f75c0 Uncommon trap: trap_request=0xffffffd6 fr.pc=0x000001a4965faea4 relative=0x0000000000000d24
Event: 335.666 Thread 0x000001a4ee5f75c0 Uncommon trap: reason=array_check action=maybe_recompile pc=0x000001a4965faea4 method=io.micrometer.core.instrument.Tags.dedup([Lio/micrometer/core/instrument/Tag;)I @ 74 c2
Event: 335.666 Thread 0x000001a4ee5f75c0 DEOPT PACKING pc=0x000001a4965faea4 sp=0x0000000d607fac70
Event: 335.666 Thread 0x000001a4ee5f75c0 DEOPT UNPACKING pc=0x000001a495e346a2 sp=0x0000000d607fac40 mode 2
Event: 335.670 Thread 0x000001a4ee5f75c0 Uncommon trap: trap_request=0xffffffd6 fr.pc=0x000001a4965faea4 relative=0x0000000000000d24
Event: 335.670 Thread 0x000001a4ee5f75c0 Uncommon trap: reason=array_check action=maybe_recompile pc=0x000001a4965faea4 method=io.micrometer.core.instrument.Tags.dedup([Lio/micrometer/core/instrument/Tag;)I @ 74 c2
Event: 335.670 Thread 0x000001a4ee5f75c0 DEOPT PACKING pc=0x000001a4965faea4 sp=0x0000000d607fc8e0
Event: 335.670 Thread 0x000001a4ee5f75c0 DEOPT UNPACKING pc=0x000001a495e346a2 sp=0x0000000d607fc8b0 mode 2
Event: 339.932 Thread 0x000001a4ee5f6f30 Uncommon trap: trap_request=0xffffff45 fr.pc=0x000001a4967b5044 relative=0x0000000000001024
Event: 339.932 Thread 0x000001a4ee5f6f30 Uncommon trap: reason=unstable_if action=reinterpret pc=0x000001a4967b5044 method=java.util.concurrent.ConcurrentSkipListMap.doPut(Ljava/lang/Object;Ljava/lang/Object;Z)Ljava/lang/Object; @ 475 c2
Event: 339.932 Thread 0x000001a4ee5f6f30 DEOPT PACKING pc=0x000001a4967b5044 sp=0x0000000d609fcf50
Event: 339.932 Thread 0x000001a4ee5f6f30 DEOPT UNPACKING pc=0x000001a495e346a2 sp=0x0000000d609fcf20 mode 2

Classes loaded (20 events):
Event: 107.603 Loading class java/util/zip/Deflater
Event: 107.604 Loading class java/util/zip/Deflater done
Event: 107.607 Loading class java/util/zip/Deflater$DeflaterZStreamRef
Event: 107.608 Loading class java/util/zip/Deflater$DeflaterZStreamRef done
Event: 107.711 Loading class sun/nio/ch/IOVecWrapper
Event: 107.711 Loading class sun/nio/ch/IOVecWrapper done
Event: 107.711 Loading class sun/nio/ch/AllocatedNativeObject
Event: 107.711 Loading class sun/nio/ch/NativeObject
Event: 107.712 Loading class sun/nio/ch/NativeObject done
Event: 107.712 Loading class sun/nio/ch/AllocatedNativeObject done
Event: 107.712 Loading class sun/nio/ch/IOVecWrapper$Deallocator
Event: 107.712 Loading class sun/nio/ch/IOVecWrapper$Deallocator done
Event: 107.712 Loading class java/nio/channels/InterruptedByTimeoutException
Event: 107.712 Loading class java/nio/channels/InterruptedByTimeoutException done
Event: 161.818 Loading class java/util/concurrent/LinkedBlockingQueue$Itr
Event: 161.818 Loading class java/util/concurrent/LinkedBlockingQueue$Itr done
Event: 286.237 Loading class sun/net/ConnectionResetException
Event: 286.237 Loading class sun/net/ConnectionResetException done
Event: 328.995 Loading class sun/util/locale/LocaleExtensions
Event: 328.996 Loading class sun/util/locale/LocaleExtensions done

Classes unloaded (20 events):
Event: 15.363 Thread 0x000001a4a577fcd0 Unloading class 0x000001a4a7a0f400 'jdk/internal/reflect/GeneratedSerializationConstructorAccessor4'
Event: 15.363 Thread 0x000001a4a577fcd0 Unloading class 0x000001a4a7a0e000 'jdk/internal/reflect/GeneratedSerializationConstructorAccessor3'
Event: 16.116 Thread 0x000001a4a577fcd0 Unloading class 0x000001a4a7a65400 'jdk/internal/reflect/GeneratedSerializationConstructorAccessor11'
Event: 16.116 Thread 0x000001a4a577fcd0 Unloading class 0x000001a4a7a65000 'jdk/internal/reflect/GeneratedSerializationConstructorAccessor10'
Event: 16.116 Thread 0x000001a4a577fcd0 Unloading class 0x000001a4a7a64c00 'jdk/internal/reflect/GeneratedSerializationConstructorAccessor9'
Event: 16.116 Thread 0x000001a4a577fcd0 Unloading class 0x000001a4a7a64000 'jdk/internal/reflect/GeneratedSerializationConstructorAccessor8'
Event: 21.042 Thread 0x000001a4a577fcd0 Unloading class 0x000001a4a7a73800 'jdk/internal/reflect/GeneratedSerializationConstructorAccessor24'
Event: 21.042 Thread 0x000001a4a577fcd0 Unloading class 0x000001a4a7a73400 'jdk/internal/reflect/GeneratedSerializationConstructorAccessor23'
Event: 21.042 Thread 0x000001a4a577fcd0 Unloading class 0x000001a4a7a73000 'jdk/internal/reflect/GeneratedSerializationConstructorAccessor22'
Event: 21.042 Thread 0x000001a4a577fcd0 Unloading class 0x000001a4a7a71800 'jdk/internal/reflect/GeneratedSerializationConstructorAccessor21'
Event: 21.042 Thread 0x000001a4a577fcd0 Unloading class 0x000001a4a7a71400 'jdk/internal/reflect/GeneratedSerializationConstructorAccessor20'
Event: 21.042 Thread 0x000001a4a577fcd0 Unloading class 0x000001a4a7a71000 'jdk/internal/reflect/GeneratedSerializationConstructorAccessor19'
Event: 21.042 Thread 0x000001a4a577fcd0 Unloading class 0x000001a4a7a70c00 'jdk/internal/reflect/GeneratedSerializationConstructorAccessor18'
Event: 21.042 Thread 0x000001a4a577fcd0 Unloading class 0x000001a4a7a70800 'jdk/internal/reflect/GeneratedSerializationConstructorAccessor17'
Event: 21.042 Thread 0x000001a4a577fcd0 Unloading class 0x000001a4a7a6c800 'jdk/internal/reflect/GeneratedSerializationConstructorAccessor16'
Event: 21.042 Thread 0x000001a4a577fcd0 Unloading class 0x000001a4a7a6c400 'jdk/internal/reflect/GeneratedSerializationConstructorAccessor15'
Event: 21.042 Thread 0x000001a4a577fcd0 Unloading class 0x000001a4a7a6c000 'jdk/internal/reflect/GeneratedSerializationConstructorAccessor14'
Event: 21.042 Thread 0x000001a4a577fcd0 Unloading class 0x000001a4a79e0800 'jdk/internal/reflect/GeneratedSerializationConstructorAccessor13'
Event: 21.042 Thread 0x000001a4a577fcd0 Unloading class 0x000001a4a79fc000 'jdk/internal/reflect/GeneratedSerializationConstructorAccessor12'
Event: 329.523 Thread 0x000001a4a577fcd0 Unloading class 0x000001a4a7cc4400 'java/lang/invoke/LambdaForm$DMH+0x000001a4a7cc4400'

Classes redefined (0 events):
No events

Internal exceptions (20 events):
Event: 21.307 Thread 0x000001a4ee5f4140 Exception <a 'java/lang/NoSuchMethodError'{0x0000000715407650}: 'java.lang.Object java.lang.invoke.Invokers$Holder.invoker(java.lang.Object, java.lang.Object, java.lang.Object, java.lang.Object, java.lang.Object, java.lang.Object, java.lang.Object, java.lang.Object, java.lang.Object, java.lang.Object, java.lang.Object, java.lang.Object)'> (0x0000000715407650) 
thrown [s\src\hotspot\share\interpreter\linkResolver.cpp, line 773]
Event: 21.309 Thread 0x000001a4ee5f4140 Exception <a 'java/lang/NoSuchMethodError'{0x0000000715431f90}: 'java.lang.Object java.lang.invoke.DirectMethodHandle$Holder.invokeStatic(java.lang.Object, java.lang.Object, java.lang.Object, java.lang.Object, java.lang.Object, java.lang.Object, java.lang.Object, java.lang.Object, java.lang.Object, java.lang.Object, java.lang.Object, java.lang.Object, java.lang.Object)'> (0x0000000715431f90) 
thrown [s\src\hotspot\share\interpreter\linkResolver.cpp, line 773]
Event: 21.311 Thread 0x000001a4ee5f4140 Exception <a 'java/lang/NoSuchMethodError'{0x0000000715450570}: 'java.lang.Object java.lang.invoke.DirectMethodHandle$Holder.invokeStatic(java.lang.Object, java.lang.Object, java.lang.Object, java.lang.Object, java.lang.Object, java.lang.Object, java.lang.Object, java.lang.Object, java.lang.Object, java.lang.Object, java.lang.Object, java.lang.Object, java.lang.Object, java.lang.Object)'> (0x0000000715450570) 
thrown [s\src\hotspot\share\interpreter\linkResolver.cpp, line 773]
Event: 21.386 Thread 0x000001a4ee5f4140 Exception <a 'java/lang/NoSuchMethodError'{0x00000007155f7418}: 'int java.lang.invoke.DirectMethodHandle$Holder.invokeStatic(java.lang.Object, java.lang.Object, int, java.lang.Object)'> (0x00000007155f7418) 
thrown [s\src\hotspot\share\interpreter\linkResolver.cpp, line 773]
Event: 21.419 Thread 0x000001a4ee5f4140 Exception <a 'java/lang/IncompatibleClassChangeError'{0x00000007152a96a0}: Found class java.lang.Object, but interface was expected> (0x00000007152a96a0) 
thrown [s\src\hotspot\share\interpreter\linkResolver.cpp, line 840]
Event: 21.501 Thread 0x000001a4ee5f4140 Exception <a 'sun/nio/fs/WindowsException'{0x000000070f42bae8}> (0x000000070f42bae8) 
thrown [s\src\hotspot\share\prims\jni.cpp, line 520]
Event: 107.373 Thread 0x000001a4ee5f6210 Exception <a 'java/lang/NoSuchMethodError'{0x00000007191b13c8}: 'java.lang.Object java.lang.invoke.DirectMethodHandle$Holder.invokeStatic(java.lang.Object, int, int)'> (0x00000007191b13c8) 
thrown [s\src\hotspot\share\interpreter\linkResolver.cpp, line 773]
Event: 107.374 Thread 0x000001a4ee5f5b80 Exception <a 'java/lang/NoSuchMethodError'{0x00000007191a4c20}: 'java.lang.Object java.lang.invoke.DirectMethodHandle$Holder.invokeStatic(java.lang.Object, int, int)'> (0x00000007191a4c20) 
thrown [s\src\hotspot\share\interpreter\linkResolver.cpp, line 773]
Event: 107.712 Thread 0x000001a4ee5f68a0 Exception <a 'java/io/IOException'{0x00000007157e4530}> (0x00000007157e4530) 
thrown [s\src\hotspot\share\prims\jni.cpp, line 520]
Event: 161.852 Thread 0x000001a4ee5f4140 Exception <a 'java/io/IOException'{0x000000070ea820c0}> (0x000000070ea820c0) 
thrown [s\src\hotspot\share\prims\jni.cpp, line 520]
Event: 190.937 Thread 0x000001a4ee5f54f0 Exception <a 'java/io/IOException'{0x0000000715439c58}> (0x0000000715439c58) 
thrown [s\src\hotspot\share\prims\jni.cpp, line 520]
Event: 285.465 Thread 0x000001a4ee5f68a0 Implicit null exception at 0x000001a4968a41d3 to 0x000001a4968a4fd0
Event: 285.469 Thread 0x000001a4ee5f0cc0 Implicit null exception at 0x000001a4968a41d3 to 0x000001a4968a4fd0
Event: 285.478 Thread 0x000001a4ee5f68a0 Implicit null exception at 0x000001a4968a41d3 to 0x000001a4968a4fd0
Event: 285.487 Thread 0x000001a4ee5f0cc0 Implicit null exception at 0x000001a4968a41d3 to 0x000001a4968a4fd0
Event: 286.226 Thread 0x000001a4ee5f5b80 Implicit null exception at 0x000001a4969eba12 to 0x000001a4969edfb4
Event: 286.236 Thread 0x000001a4ee5f68a0 Exception <a 'java/io/IOException'{0x000000070e153b70}> (0x000000070e153b70) 
thrown [s\src\hotspot\share\prims\jni.cpp, line 520]
Event: 313.919 Thread 0x000001a4ee5f0630 Implicit null exception at 0x000001a4968dfde5 to 0x000001a4968e0c40
Event: 323.410 Thread 0x000001a4ee5f0cc0 Exception <a 'java/io/IOException'{0x000000070e5b5298}> (0x000000070e5b5298) 
thrown [s\src\hotspot\share\prims\jni.cpp, line 520]
Event: 329.748 Thread 0x000001a4ee5f6210 Exception <a 'java/io/IOException'{0x000000070f5428a0}> (0x000000070f5428a0) 
thrown [s\src\hotspot\share\prims\jni.cpp, line 520]

ZGC Phase Switch (0 events):
No events

VM Operations (20 events):
Event: 334.678 Executing VM operation: G1CollectForAllocation (G1 Evacuation Pause)
Event: 334.680 Executing VM operation: G1CollectForAllocation (G1 Evacuation Pause) done
Event: 335.004 Executing VM operation: G1CollectForAllocation (G1 Evacuation Pause)
Event: 335.007 Executing VM operation: G1CollectForAllocation (G1 Evacuation Pause) done
Event: 335.519 Executing VM operation: G1CollectForAllocation (G1 Evacuation Pause)
Event: 335.521 Executing VM operation: G1CollectForAllocation (G1 Evacuation Pause) done
Event: 335.562 Executing VM operation: G1PauseRemark
Event: 335.567 Executing VM operation: G1PauseRemark done
Event: 335.581 Executing VM operation: G1PauseCleanup
Event: 335.582 Executing VM operation: G1PauseCleanup done
Event: 336.148 Executing VM operation: G1CollectForAllocation (G1 Evacuation Pause)
Event: 336.150 Executing VM operation: G1CollectForAllocation (G1 Evacuation Pause) done
Event: 337.156 Executing VM operation: Cleanup
Event: 337.156 Executing VM operation: Cleanup done
Event: 339.184 Executing VM operation: Cleanup
Event: 339.184 Executing VM operation: Cleanup done
Event: 340.198 Executing VM operation: Cleanup
Event: 340.198 Executing VM operation: Cleanup done
Event: 341.199 Executing VM operation: Cleanup
Event: 341.199 Executing VM operation: Cleanup done

Memory protections (0 events):
No events

Nmethod flushes (20 events):
Event: 335.566 Thread 0x000001a4a577fcd0 flushing  nmethod 0x000001a48eda8f90
Event: 335.566 Thread 0x000001a4a577fcd0 flushing  nmethod 0x000001a48f6de990
Event: 335.566 Thread 0x000001a4a577fcd0 flushing  nmethod 0x000001a48f743190
Event: 335.566 Thread 0x000001a4a577fcd0 flushing  nmethod 0x000001a48f745a10
Event: 335.566 Thread 0x000001a4a577fcd0 flushing  nmethod 0x000001a48f908f10
Event: 335.566 Thread 0x000001a4a577fcd0 flushing  nmethod 0x000001a48f911290
Event: 335.566 Thread 0x000001a4a577fcd0 flushing  nmethod 0x000001a48f911690
Event: 335.566 Thread 0x000001a4a577fcd0 flushing  nmethod 0x000001a48f93ab90
Event: 335.566 Thread 0x000001a4a577fcd0 flushing  nmethod 0x000001a48f93bf90
Event: 335.566 Thread 0x000001a4a577fcd0 flushing  nmethod 0x000001a48fa54310
Event: 335.566 Thread 0x000001a4a577fcd0 flushing  nmethod 0x000001a48fa54b10
Event: 335.566 Thread 0x000001a4a577fcd0 flushing  nmethod 0x000001a48fa56710
Event: 335.566 Thread 0x000001a4a577fcd0 flushing  nmethod 0x000001a48fb24110
Event: 335.566 Thread 0x000001a4a577fcd0 flushing  nmethod 0x000001a48fb37f90
Event: 335.566 Thread 0x000001a4a577fcd0 flushing  nmethod 0x000001a48fcbdc10
Event: 335.566 Thread 0x000001a4a577fcd0 flushing  nmethod 0x000001a48fcc1d90
Event: 335.566 Thread 0x000001a4a577fcd0 flushing  nmethod 0x000001a48fcc4c10
Event: 335.566 Thread 0x000001a4a577fcd0 flushing  nmethod 0x000001a48fd5bb10
Event: 335.566 Thread 0x000001a4a577fcd0 flushing  nmethod 0x000001a48fd5ea90
Event: 335.566 Thread 0x000001a4a577fcd0 flushing  nmethod 0x000001a48fd60e10

Events (20 events):
Event: 287.614 Thread 0x000001a4ed66f760 Thread exited: 0x000001a4ed66f760
Event: 288.542 Thread 0x000001a4a57bd5a0 Thread added: 0x000001a4f1392cb0
Event: 289.575 Thread 0x000001a4a57bd5a0 Thread added: 0x000001a4ed66f760
Event: 292.642 Thread 0x000001a4ed66f760 Thread exited: 0x000001a4ed66f760
Event: 296.651 Thread 0x000001a4f1392cb0 Thread exited: 0x000001a4f1392cb0
Event: 321.439 Thread 0x000001a4a57bd5a0 Thread added: 0x000001a4ec0b4480
Event: 321.839 Thread 0x000001a4ec0b4480 Thread exited: 0x000001a4ec0b4480
Event: 322.175 Thread 0x000001a4a57bd5a0 Thread added: 0x000001a4ec0b4480
Event: 322.448 Thread 0x000001a4ec0b4480 Thread exited: 0x000001a4ec0b4480
Event: 323.253 Thread 0x000001a4a57bd5a0 Thread added: 0x000001a4f1392cb0
Event: 324.347 Thread 0x000001a4f1392cb0 Thread exited: 0x000001a4f1392cb0
Event: 325.655 Thread 0x000001a4a57bd5a0 Thread added: 0x000001a4ee814c20
Event: 326.798 Thread 0x000001a4ee814c20 Thread exited: 0x000001a4ee814c20
Event: 330.905 Thread 0x000001a4a57bd5a0 Thread added: 0x000001a4ee8137b0
Event: 331.423 Thread 0x000001a4ee8137b0 Thread exited: 0x000001a4ee8137b0
Event: 334.438 Thread 0x000001a4a57bd5a0 Thread added: 0x000001a4ee8137b0
Event: 335.130 Thread 0x000001a4ee8137b0 Thread exited: 0x000001a4ee8137b0
Event: 339.946 Thread 0x000001a4a57bd5a0 Thread added: 0x000001a4ee814c20
Event: 339.946 Thread 0x000001a4a57bd5a0 Thread added: 0x000001a4ee8137b0
Event: 340.097 Thread 0x000001a4ee8137b0 Thread exited: 0x000001a4ee8137b0


Dynamic libraries:
0x00007ff722550000 - 0x00007ff72255e000 	C:\Users\gabri\.jdks\corretto-21.0.7\bin\java.exe
0x00007ffc26ce0000 - 0x00007ffc26f48000 	C:\WINDOWS\SYSTEM32\ntdll.dll
0x00007ffc25380000 - 0x00007ffc25449000 	C:\WINDOWS\System32\KERNEL32.DLL
0x00007ffc23b20000 - 0x00007ffc23f11000 	C:\WINDOWS\System32\KERNELBASE.dll
0x00007ffc239d0000 - 0x00007ffc23b1b000 	C:\WINDOWS\System32\ucrtbase.dll
0x00007ffc17a60000 - 0x00007ffc17a7b000 	C:\Users\gabri\.jdks\corretto-21.0.7\bin\VCRUNTIME140.dll
0x00007ffc17060000 - 0x00007ffc17078000 	C:\Users\gabri\.jdks\corretto-21.0.7\bin\jli.dll
0x00007ffc26600000 - 0x00007ffc267c6000 	C:\WINDOWS\System32\USER32.dll
0x00007ffc10b30000 - 0x00007ffc10dc3000 	C:\WINDOWS\WinSxS\amd64_microsoft.windows.common-controls_6595b64144ccf1df_6.0.26100.7824_none_3e0870b2e3345462\COMCTL32.dll
0x00007ffc236f0000 - 0x00007ffc23717000 	C:\WINDOWS\System32\win32u.dll
0x00007ffc256c0000 - 0x00007ffc256eb000 	C:\WINDOWS\System32\GDI32.dll
0x00007ffc25f30000 - 0x00007ffc25fd9000 	C:\WINDOWS\System32\msvcrt.dll
0x00007ffc235c0000 - 0x00007ffc236eb000 	C:\WINDOWS\System32\gdi32full.dll
0x00007ffc23920000 - 0x00007ffc239c3000 	C:\WINDOWS\System32\msvcp_win.dll
0x00007ffc24e30000 - 0x00007ffc24e61000 	C:\WINDOWS\System32\IMM32.DLL
0x00007ffc1ecc0000 - 0x00007ffc1eccc000 	C:\Users\gabri\.jdks\corretto-21.0.7\bin\vcruntime140_1.dll
0x00007ffc15aa0000 - 0x00007ffc15b2d000 	C:\Users\gabri\.jdks\corretto-21.0.7\bin\msvcp140.dll
0x00007ffbc8290000 - 0x00007ffbc902f000 	C:\Users\gabri\.jdks\corretto-21.0.7\bin\server\jvm.dll
0x00007ffc254d0000 - 0x00007ffc25584000 	C:\WINDOWS\System32\ADVAPI32.dll
0x00007ffc25e80000 - 0x00007ffc25f26000 	C:\WINDOWS\System32\sechost.dll
0x00007ffc264e0000 - 0x00007ffc265f8000 	C:\WINDOWS\System32\RPCRT4.dll
0x00007ffc26970000 - 0x00007ffc269e4000 	C:\WINDOWS\System32\WS2_32.dll
0x00007ffc23420000 - 0x00007ffc2347e000 	C:\WINDOWS\SYSTEM32\POWRPROF.dll
0x00007ffc1c750000 - 0x00007ffc1c785000 	C:\WINDOWS\SYSTEM32\WINMM.dll
0x00007ffc1d3c0000 - 0x00007ffc1d3cb000 	C:\WINDOWS\SYSTEM32\VERSION.dll
0x00007ffc23400000 - 0x00007ffc23414000 	C:\WINDOWS\SYSTEM32\UMPDC.dll
0x00007ffc22320000 - 0x00007ffc2233b000 	C:\WINDOWS\SYSTEM32\kernel.appcore.dll
0x00007ffc17050000 - 0x00007ffc1705a000 	C:\Users\gabri\.jdks\corretto-21.0.7\bin\jimage.dll
0x00007ffc211f0000 - 0x00007ffc21432000 	C:\WINDOWS\SYSTEM32\DBGHELP.DLL
0x00007ffc25fe0000 - 0x00007ffc26366000 	C:\WINDOWS\System32\combase.dll
0x00007ffc24a80000 - 0x00007ffc24b57000 	C:\WINDOWS\System32\OLEAUT32.dll
0x00007ffc0f530000 - 0x00007ffc0f56b000 	C:\WINDOWS\SYSTEM32\dbgcore.DLL
0x00007ffc23870000 - 0x00007ffc23915000 	C:\WINDOWS\System32\bcryptPrimitives.dll
0x00007ffc15d70000 - 0x00007ffc15d7e000 	C:\Users\gabri\.jdks\corretto-21.0.7\bin\instrument.dll
0x00007ffc15d50000 - 0x00007ffc15d6f000 	C:\Users\gabri\.jdks\corretto-21.0.7\bin\java.dll
0x00007ffc25700000 - 0x00007ffc25e52000 	C:\WINDOWS\System32\SHELL32.dll
0x00007ffc24910000 - 0x00007ffc24a7a000 	C:\WINDOWS\System32\wintypes.dll
0x00007ffc23f20000 - 0x00007ffc24783000 	C:\WINDOWS\System32\windows.storage.dll
0x00007ffc24b70000 - 0x00007ffc24c66000 	C:\WINDOWS\System32\SHCORE.dll
0x00007ffc25620000 - 0x00007ffc25687000 	C:\WINDOWS\System32\shlwapi.dll
0x00007ffc234e0000 - 0x00007ffc23509000 	C:\WINDOWS\SYSTEM32\profapi.dll
0x00007ffbfaf80000 - 0x00007ffbfb057000 	C:\Users\gabri\.jdks\corretto-21.0.7\bin\jsvml.dll
0x00007ffc0f6a0000 - 0x00007ffc0f6b8000 	C:\Users\gabri\.jdks\corretto-21.0.7\bin\zip.dll
0x00007ffc15d40000 - 0x00007ffc15d50000 	C:\Users\gabri\.jdks\corretto-21.0.7\bin\net.dll
0x00007ffc1cd20000 - 0x00007ffc1ce47000 	C:\WINDOWS\SYSTEM32\WINHTTP.dll
0x00007ffc22870000 - 0x00007ffc228db000 	C:\WINDOWS\system32\mswsock.dll
0x00007ffc15d20000 - 0x00007ffc15d36000 	C:\Users\gabri\.jdks\corretto-21.0.7\bin\nio.dll
0x00007ffc0f680000 - 0x00007ffc0f69a000 	C:\Users\gabri\AppData\Local\Programs\IntelliJ IDEA Community Edition\bin\breakgen64.dll
0x00007ffc15d10000 - 0x00007ffc15d19000 	C:\Users\gabri\.jdks\corretto-21.0.7\bin\extnet.dll
0x00007ffc15c80000 - 0x00007ffc15c89000 	C:\Users\gabri\.jdks\corretto-21.0.7\bin\management.dll
0x00007ffc15bd0000 - 0x00007ffc15bdb000 	C:\Users\gabri\.jdks\corretto-21.0.7\bin\management_ext.dll
0x00007ffc25300000 - 0x00007ffc25308000 	C:\WINDOWS\System32\PSAPI.DLL
0x00007ffc15cd0000 - 0x00007ffc15cde000 	C:\Users\gabri\.jdks\corretto-21.0.7\bin\sunmscapi.dll
0x00007ffc24790000 - 0x00007ffc24907000 	C:\WINDOWS\System32\CRYPT32.dll
0x00007ffc22dc0000 - 0x00007ffc22df0000 	C:\WINDOWS\SYSTEM32\ncrypt.dll
0x00007ffc22d70000 - 0x00007ffc22daf000 	C:\WINDOWS\SYSTEM32\NTASN1.dll
0x00007ffc22c60000 - 0x00007ffc22c7b000 	C:\WINDOWS\SYSTEM32\CRYPTSP.dll
0x00007ffc22280000 - 0x00007ffc222b9000 	C:\WINDOWS\system32\rsaenh.dll
0x00007ffc22920000 - 0x00007ffc2294b000 	C:\WINDOWS\SYSTEM32\USERENV.dll
0x00007ffc234b0000 - 0x00007ffc234da000 	C:\WINDOWS\SYSTEM32\bcrypt.dll
0x00007ffc22ac0000 - 0x00007ffc22acc000 	C:\WINDOWS\SYSTEM32\CRYPTBASE.dll
0x00007ffc21d20000 - 0x00007ffc21d54000 	C:\WINDOWS\SYSTEM32\IPHLPAPI.DLL
0x00007ffc25310000 - 0x00007ffc2531a000 	C:\WINDOWS\System32\NSI.dll
0x00007ffc15a60000 - 0x00007ffc15a70000 	C:\Users\gabri\.jdks\corretto-21.0.7\bin\verify.dll
0x00007ffc09df0000 - 0x00007ffc09e08000 	C:\WINDOWS\system32\napinsp.dll
0x00007ffc21d60000 - 0x00007ffc21e8c000 	C:\WINDOWS\SYSTEM32\DNSAPI.dll
0x00007ffc09dd0000 - 0x00007ffc09de2000 	C:\WINDOWS\System32\winrnr.dll
0x00007ffc09da0000 - 0x00007ffc09dc2000 	C:\WINDOWS\system32\nlansp_c.dll
0x00007ffc09d80000 - 0x00007ffc09d96000 	C:\WINDOWS\system32\wshbth.dll
0x00007ffc18330000 - 0x00007ffc1833b000 	C:\Windows\System32\rasadhlp.dll
0x00007ffc1a5b0000 - 0x00007ffc1a636000 	C:\WINDOWS\System32\fwpuclnt.dll
0x00007ffc17d80000 - 0x00007ffc17d88000 	C:\WINDOWS\system32\wshunix.dll

dbghelp: loaded successfully - version: 4.0.5 - missing functions: none
symbol engine: initialized successfully - sym options: 0x614 - pdb path: .;C:\Users\gabri\.jdks\corretto-21.0.7\bin;C:\WINDOWS\SYSTEM32;C:\WINDOWS\WinSxS\amd64_microsoft.windows.common-controls_6595b64144ccf1df_6.0.26100.7824_none_3e0870b2e3345462;C:\Users\gabri\.jdks\corretto-21.0.7\bin\server;C:\Users\gabri\AppData\Local\Programs\IntelliJ IDEA Community Edition\bin

VM Arguments:
jvm_args: -javaagent:C:\Users\gabri\AppData\Local\Programs\IntelliJ IDEA Community Edition\lib\idea_rt.jar=3167:C:\Users\gabri\AppData\Local\Programs\IntelliJ IDEA Community Edition\bin -Dfile.encoding=UTF-8 -Dsun.stdout.encoding=UTF-8 -Dsun.stderr.encoding=UTF-8 
java_command: com.Graxa_API.Graxa_API.GraxaApiApplication
java_class_path (initial): C:\projeto-pi\Graxa\Graxa-API\target\classes;C:\Users\gabri\.m2\repository\org\springframework\boot\spring-boot-starter-web\3.5.5\spring-boot-starter-web-3.5.5.jar;C:\Users\gabri\.m2\repository\org\springframework\boot\spring-boot-starter\3.5.5\spring-boot-starter-3.5.5.jar;C:\Users\gabri\.m2\repository\org\springframework\boot\spring-boot-starter-logging\3.5.5\spring-boot-starter-logging-3.5.5.jar;C:\Users\gabri\.m2\repository\ch\qos\logback\logback-classic\1.5.18\logback-classic-1.5.18.jar;C:\Users\gabri\.m2\repository\ch\qos\logback\logback-core\1.5.18\logback-core-1.5.18.jar;C:\Users\gabri\.m2\repository\org\apache\logging\log4j\log4j-to-slf4j\2.24.3\log4j-to-slf4j-2.24.3.jar;C:\Users\gabri\.m2\repository\org\apache\logging\log4j\log4j-api\2.24.3\log4j-api-2.24.3.jar;C:\Users\gabri\.m2\repository\org\slf4j\jul-to-slf4j\2.0.17\jul-to-slf4j-2.0.17.jar;C:\Users\gabri\.m2\repository\jakarta\annotation\jakarta.annotation-api\2.1.1\jakarta.annotation-api-2.1.1.jar;C:\Users\gabri\.m2\repository\org\yaml\snakeyaml\2.4\snakeyaml-2.4.jar;C:\Users\gabri\.m2\repository\org\springframework\boot\spring-boot-starter-json\3.5.5\spring-boot-starter-json-3.5.5.jar;C:\Users\gabri\.m2\repository\com\fasterxml\jackson\datatype\jackson-datatype-jdk8\2.19.2\jackson-datatype-jdk8-2.19.2.jar;C:\Users\gabri\.m2\repository\com\fasterxml\jackson\datatype\jackson-datatype-jsr310\2.19.2\jackson-datatype-jsr310-2.19.2.jar;C:\Users\gabri\.m2\repository\com\fasterxml\jackson\module\jackson-module-parameter-names\2.19.2\jackson-module-parameter-names-2.19.2.jar;C:\Users\gabri\.m2\repository\org\springframework\boot\spring-boot-starter-tomcat\3.5.5\spring-boot-starter-tomcat-3.5.5.jar;C:\Users\gabri\.m2\repository\org\apache\tomcat\embed\tomcat-embed-core\10.1.44\tomcat-embed-core-10.1.44.jar;C:\Users\gabri\.m2\repository\org\apache\tomcat\embed\tomcat-embed-websocket\10.1.44\tomcat-embed-websocket-10.1.44.jar;C:\Users\gabri\.m2\repository\org\springframework\spring-web\6.2.10\spring-web-6.2.10.jar;C:\Users\gabri\.m2\repository\org\springframework\spring-beans\6.2.10\spring-beans-6.2.10.jar;C:\Users\gabri\.m2\repository\org\springframework\spring-webmvc\6.2.10\spring-webmvc-6.2.10.jar;C:\Users\gabri\.m2\repository\org\springframework\spring-context\6.2.10\spring-context-6.2.10.jar;C:\Users\gabri\.m2\repository\org\springframework\spring-expression\6.2.10\spring-expression-6.2.10.jar;C:\Users\gabri\.m2\repository\org\springframework\boot\spring-boot-starter-mail\3.5.5\spring-boot-starter-mail-3.5.5.jar;C:\Users\gabri\.m2\repository\org\springframework\spring-context-support\6.2.10\spring-context-support-6.2.10.jar;C:\Users\gabri\.m2\repository\org\eclipse\angus\jakarta.mail\2.0.4\jakarta.mail-2.0.4.jar;C:\Users\gabri\.m2\repository\jakarta\activation\jakarta.activation-api\2.1.3\jakarta.activation-api-2.1.3.jar;C:\Users\gabri\.m2\repository\org\eclipse\angus\angus-activation\2.0.2\angus-activation-2.0.2.jar;C:\Users\gabri\.m2\repository\org\springframework\boot\spring-boot-starter-data-jpa\3.5.5\spring-boot-starter-data-jpa-3.5.5.jar;C:\Users\gabri\.m2\repository\org\springframework\boot\spring-boot-starter-jdbc\3.5.5\spring-boot-starter-jdbc-3.5.5.jar;C:\Users\gabri\.m2\repository\com\zaxxer\HikariCP\6.3.2\HikariCP-6.3.2.jar;C:\Users\gabri\.m2\repository\org\springframework\spring-jdbc\6.2.10\spring-jdbc-6.2.10.jar;C:\Users\gabri\.m2\repository\org\hibernate\orm\hibernate-core\6.6.26.Final\hibernate-core-6.6.26.Final.jar;C:\Users\gabri\.m2\repository\jakarta\persistence\jakarta.persistence-api\3.1.0\jakarta.persistence-api-3.1.0.jar;C:\Users\gabri\.m2\repository\jakarta\transaction\jakarta.transaction-api\2.0.1\jakarta.transaction-api-2.0.1.jar;C:\Users\gabri\.m2\repository\org\jboss\logging\jboss-logging\3.6.1.Final\jboss-logging-3.6.1.Final.jar;C:\Users\gabri\.m2\repository\org\hibernate\common\hibernate-commons-annotations\7.0.3.Final\hibernate-commons-annotations-7.0.3.Final.jar;C:\Users\gabri\.m2\repository\io\smallrye\jandex\3.2.0\jandex-3.2.0.jar;C:\Users\gabri\.m2\repository\com\fasterxml\classmate\1.7.0\classmate-1.7.0.jar;C:\Users\gabri\.m2\repository\net\bytebuddy\byte-buddy\1.17.7\byte-buddy-1.17.7.jar;C:\Users\gabri\.m2\repository\org\glassfish\jaxb\jaxb-runtime\4.0.5\jaxb-runtime-4.0.5.jar;C:\Users\gabri\.m2\repository\org\glassfish\jaxb\jaxb-core\4.0.5\jaxb-core-4.0.5.jar;C:\Users\gabri\.m2\repository\org\glassfish\jaxb\txw2\4.0.5\txw2-4.0.5.jar;C:\Users\gabri\.m2\repository\com\sun\istack\istack-commons-runtime\4.1.2\istack-commons-runtime-4.1.2.jar;C:\Users\gabri\.m2\repository\jakarta\inject\jakarta.inject-api\2.0.1\jakarta.inject-api-2.0.1.jar;C:\Users\gabri\.m2\repository\org\antlr\antlr4-runtime\4.13.0\antlr4-runtime-4.13.0.jar;C:\Users\gabri\.m2\repository\org\springframework\data\spring-data-jpa\3.5.3\spring-data-jpa-3.5.3.jar;C:\Users\gabri\.m2\repository\org\springframework\data\spring-data-commons\3.5.3\spring-data-commons-3.5.3.jar;C:\Users\gabri\.m2\repository\org\springframework\spring-orm\6.2.10\spring-orm-6.2.10.jar;C:\Users\gabri\.m2\repository\org\springframework\spring-tx\6.2.10\spring-tx-6.2.10.jar;C:\Users\gabri\.m2\repository\org\slf4j\slf4j-api\2.0.17\slf4j-api-2.0.17.jar;C:\Users\gabri\.m2\repository\org\springframework\spring-aspects\6.2.10\spring-aspects-6.2.10.jar;C:\Users\gabri\.m2\repository\org\aspectj\aspectjweaver\1.9.24\aspectjweaver-1.9.24.jar;C:\Users\gabri\.m2\repository\org\springframework\boot\spring-boot-starter-validation\3.5.5\spring-boot-starter-validation-3.5.5.jar;C:\Users\gabri\.m2\repository\org\apache\tomcat\embed\tomcat-embed-el\10.1.44\tomcat-embed-el-10.1.44.jar;C:\Users\gabri\.m2\repository\org\hibernate\validator\hibernate-validator\8.0.3.Final\hibernate-validator-8.0.3.Final.jar;C:\Users\gabri\.m2\repository\jakarta\validation\jakarta.validation-api\3.0.2\jakarta.validation-api-3.0.2.jar;C:\Users\gabri\.m2\repository\org\springframework\boot\spring-boot-starter-security\3.5.5\spring-boot-starter-security-3.5.5.jar;C:\Users\gabri\.m2\repository\org\springframework\spring-aop\6.2.10\spring-aop-6.2.10.jar;C:\Users\gabri\.m2\repository\org\springframework\security\spring-security-config\6.5.3\spring-security-config-6.5.3.jar;C:\Users\gabri\.m2\repository\org\springframework\security\spring-security-web\6.5.3\spring-security-web-6.5.3.jar;C:\Users\gabri\.m2\repository\org\springframework\boot\spring-boot-starter-actuator\3.5.5\spring-boot-starter-actuator-3.5.5.jar;C:\Users\gabri\.m2\repository\org\springframework\boot\spring-boot-actuator-autoconfigure\3.5.5\spring-boot-actuator-autoconfigure-3.5.5.jar;C:\Users\gabri\.m2\repository\org\springframework\boot\spring-boot-actuator\3.5.5\spring-boot-actuator-3.5.5.jar;C:\Users\gabri\.m2\repository\io\micrometer\micrometer-observation\1.15.3\micrometer-observation-1.15.3.jar;C:\Users\gabri\.m2\repository\io\micrometer\micrometer-commons\1.15.3\micrometer-commons-1.15.3.jar;C:\Users\gabri\.m2\repository\io\micrometer\micrometer-jakarta9\1.15.3\micrometer-jakarta9-1.15.3.jar;C:\Users\gabri\.m2\repository\io\micrometer\micrometer-core\1.15.3\micrometer-core-1.15.3.jar;C:\Users\gabri\.m2\repository\org\hdrhistogram\HdrHistogram\2.2.2\HdrHistogram-2.2.2.jar;C:\Users\gabri\.m2\repository\org\latencyutils\LatencyUtils\2.0.3\LatencyUtils-2.0.3.jar;C:\Users\gabri\.m2\repository\org\springframework\security\spring-security-core\6.5.3\spring-security-core-6.5.3.jar;C:\Users\gabri\.m2\repository\org\springframework\security\spring-security-crypto\6.5.3\spring-security-crypto-6.5.3.jar;C:\Users\gabri\.m2\repository\org\springframework\spring-core\6.2.10\spring-core-6.2.10.jar;C:\Users\gabri\.m2\repository\org\springframework\spring-jcl\6.2.10\spring-jcl-6.2.10.jar;C:\Users\gabri\.m2\repository\org\springframework\boot\spring-boot-starter-websocket\3.5.5\spring-boot-starter-websocket-3.5.5.jar;C:\Users\gabri\.m2\repository\org\springframework\spring-messaging\6.2.10\spring-messaging-6.2.10.jar;C:\Users\gabri\.m2\repository\org\springframework\spring-websocket\6.2.10\spring-websocket-6.2.10.jar;C:\Users\gabri\.m2\repository\com\h2database\h2\2.3.232\h2-2.3.232.jar;C:\Users\gabri\.m2\repository\io\jsonwebtoken\jjwt-api\0.11.5\jjwt-api-0.11.5.jar;C:\Users\gabri\.m2\repository\io\jsonwebtoken\jjwt-impl\0.11.5\jjwt-impl-0.11.5.jar;C:\Users\gabri\.m2\repository\io\jsonwebtoken\jjwt-jackson\0.11.5\jjwt-jackson-0.11.5.jar;C:\Users\gabri\.m2\repository\com\fasterxml\jackson\core\jackson-databind\2.19.2\jackson-databind-2.19.2.jar;C:\Users\gabri\.m2\repository\com\fasterxml\jackson\core\jackson-annotations\2.19.2\jackson-annotations-2.19.2.jar;C:\Users\gabri\.m2\repository\com\fasterxml\jackson\core\jackson-core\2.19.2\jackson-core-2.19.2.jar;C:\Users\gabri\.m2\repository\org\springdoc\springdoc-openapi-starter-webmvc-ui\2.8.13\springdoc-openapi-starter-webmvc-ui-2.8.13.jar;C:\Users\gabri\.m2\repository\org\springdoc\springdoc-openapi-starter-webmvc-api\2.8.13\springdoc-openapi-starter-webmvc-api-2.8.13.jar;C:\Users\gabri\.m2\repository\org\springdoc\springdoc-openapi-starter-common\2.8.13\springdoc-openapi-starter-common-2.8.13.jar;C:\Users\gabri\.m2\repository\io\swagger\core\v3\swagger-core-jakarta\2.2.36\swagger-core-jakarta-2.2.36.jar;C:\Users\gabri\.m2\repository\org\apache\commons\commons-lang3\3.17.0\commons-lang3-3.17.0.jar;C:\Users\gabri\.m2\repository\io\swagger\core\v3\swagger-annotations-jakarta\2.2.36\swagger-annotations-jakarta-2.2.36.jar;C:\Users\gabri\.m2\repository\io\swagger\core\v3\swagger-models-jakarta\2.2.36\swagger-models-jakarta-2.2.36.jar;C:\Users\gabri\.m2\repository\com\fasterxml\jackson\dataformat\jackson-dataformat-yaml\2.19.2\jackson-dataformat-yaml-2.19.2.jar;C:\Users\gabri\.m2\repository\org\webjars\swagger-ui\5.28.1\swagger-ui-5.28.1.jar;C:\Users\gabri\.m2\repository\org\webjars\webjars-locator-lite\1.1.0\webjars-locator-lite-1.1.0.jar;C:\Users\gabri\.m2\repository\org\jspecify\jspecify\1.0.0\jspecify-1.0.0.jar;C:\Users\gabri\.m2\repository\org\springframework\boot\spring-boot-devtools\3.5.5\spring-boot-devtools-3.5.5.jar;C:\Users\gabri\.m2\repository\org\springframework\boot\spring-boot\3.5.5\spring-boot-3.5.5.jar;C:\Users\gabri\.m2\repository\org\springframework\boot\spring-boot-autoconfigure\3.5.5\spring-boot-autoconfigure-3.5.5.jar;C:\Users\gabri\.m2\repository\jakarta\xml\bind\jakarta.xml.bind-api\4.0.2\jakarta.xml.bind-api-4.0.2.jar
Launcher Type: SUN_STANDARD

[Global flags]
     intx CICompilerCount                          = 4                                         {product} {ergonomic}
     uint ConcGCThreads                            = 3                                         {product} {ergonomic}
     uint G1ConcRefinementThreads                  = 10                                        {product} {ergonomic}
   size_t G1HeapRegionSize                         = 2097152                                   {product} {ergonomic}
    uintx GCDrainStackTargetSize                   = 64                                        {product} {ergonomic}
   size_t InitialHeapSize                          = 260046848                                 {product} {ergonomic}
   size_t MarkStackSize                            = 4194304                                   {product} {ergonomic}
   size_t MaxHeapSize                              = 4133486592                                {product} {ergonomic}
   size_t MaxNewSize                               = 2478833664                                {product} {ergonomic}
   size_t MinHeapDeltaBytes                        = 2097152                                   {product} {ergonomic}
   size_t MinHeapSize                              = 8388608                                   {product} {ergonomic}
    uintx NonNMethodCodeHeapSize                   = 5839372                                {pd product} {ergonomic}
    uintx NonProfiledCodeHeapSize                  = 122909434                              {pd product} {ergonomic}
    uintx ProfiledCodeHeapSize                     = 122909434                              {pd product} {ergonomic}
    uintx ReservedCodeCacheSize                    = 251658240                              {pd product} {ergonomic}
     bool SegmentedCodeCache                       = true                                      {product} {ergonomic}
   size_t SoftMaxHeapSize                          = 4133486592                             {manageable} {ergonomic}
     bool UseCompressedOops                        = true                           {product lp64_product} {ergonomic}
     bool UseG1GC                                  = true                                      {product} {ergonomic}
     bool UseLargePagesIndividualAllocation        = false                                  {pd product} {ergonomic}

Logging:
Log output configuration:
 #0: stdout all=warning uptime,level,tags foldmultilines=false
 #1: stderr all=off uptime,level,tags foldmultilines=false

Environment Variables:
PATH=C:\Program Files\Common Files\Oracle\Java\javapath;C:\Program Files (x86)\Common Files\Oracle\Java\javapath;C:\WINDOWS\system32;C:\WINDOWS;C:\WINDOWS\System32\Wbem;C:\WINDOWS\System32\WindowsPowerShell\v1.0\;C:\WINDOWS\System32\OpenSSH\;C:\Program Files\nodejs\;C:\Program Files\Amazon\AWSCLIV2\;C:\Program Files\dotnet\;C:\Program Files\Docker\Docker\resources\bin;C:\Program Files\GitHub CLI\;C:\Program Files\Git\cmd;C:\Users\gabri\AppData\Local\Programs\Python\Python313\Scripts\;C:\Users\gabri\AppData\Local\Programs\Python\Python313\;C:\Users\gabri\AppData\Local\Programs\Python\Launcher\;C:\Program Files\MySQL\MySQL Shell 8.0\bin\;C:\Users\gabri\AppData\Local\Microsoft\WindowsApps;C:\Users\gabri\AppData\Local\Programs\Microsoft VS Code\bin;C:\Users\gabri\AppData\Roaming\npm;C:\Users\gabri\AppData\Local\JetBrains\Toolbox\scripts;
USERNAME=gabri
OS=Windows_NT
PROCESSOR_IDENTIFIER=AMD64 Family 23 Model 96 Stepping 1, AuthenticAMD
TMP=C:\Users\gabri\AppData\Local\Temp
TEMP=C:\Users\gabri\AppData\Local\Temp




Periodic native trim disabled

---------------  S Y S T E M  ---------------

OS:
 Windows 11 , 64 bit Build 26100 (10.0.26100.7705)
OS uptime: 0 days 4:09 hours
Hyper-V role detected

CPU: total 12 (initial active 12) (12 cores per cpu, 2 threads per core) family 23 model 96 stepping 1 microcode 0x8600109, cx8, cmov, fxsr, ht, mmx, 3dnowpref, sse, sse2, sse3, ssse3, sse4a, sse4.1, sse4.2, popcnt, lzcnt, tsc, tscinvbit, avx, avx2, aes, clmul, bmi1, bmi2, adx, sha, fma, vzeroupper, clflush, clflushopt, hv, rdtscp, rdpid, f16c
Processor Information for the first 12 processors :
  Max Mhz: 3701, Current Mhz: 3701, Mhz Limit: 3701

Memory: 4k page, system-wide physical 15762M (1411M free)
TotalPageFile size 23954M (AvailPageFile size 28M)
current process WorkingSet (physical memory assigned to process): 358M, peak: 371M
current process commit charge ("private bytes"): 397M, peak: 419M

vm_info: OpenJDK 64-Bit Server VM (21.0.7+6-LTS) for windows-amd64 JRE (21.0.7+6-LTS), built on 2025-04-14T16:08:54Z by "Administrator" with MS VC++ 16.10 / 16.11 (VS2019)

END.
